// Jest Snapshot v1, https://goo.gl/fbAQLP

exports[`ProjectTeamsSettings render() renders 1`] = `
<SideEffect(DocumentTitle)
  title="Sentry"
>
  <div>
    <SettingsPageHeading
      action={
        <DropdownLink
          alwaysRenderMenu={true}
          anchorRight={true}
          caret={true}
          className="btn btn-primary btn-sm"
          disabled={false}
          title="Add Team"
        >
          <MenuItem
            noAnchor={true}
          >
            <a
              onClick={[Function]}
            >
              Team Name 2
            </a>
          </MenuItem>
          <MenuItem
            divider={true}
          />
          <div
            style={
              Object {
                "padding": "5px 0px",
                "textAlign": "center",
              }
            }
          >
            <Button
              disabled={false}
              priority="primary"
              size="small"
              to="/organizations/org-slug/teams/new/"
            >
              Create a new team
            </Button>
          </div>
        </DropdownLink>
      }
      title="Teams"
    />
    <Panel>
      <PanelHeader
        key="header"
      >
        Team
      </PanelHeader>
      <PanelBody
        direction="column"
        disablePadding={true}
        flex={false}
        key="body"
      >
        <TeamRow
          access={
            Set {
              "org:read",
              "org:write",
              "org:admin",
              "project:read",
              "project:write",
              "project:admin",
              "team:read",
              "team:write",
              "team:admin",
            }
          }
          key="1"
          onRemove={[Function]}
          orgId="org-slug"
          projectId="project-slug"
          team={
            Object {
              "id": "1",
              "name": "Team Name",
              "projects": Array [],
              "slug": "team-slug",
            }
          }
        />
      </PanelBody>
    </Panel>
  </div>
</SideEffect(DocumentTitle)>
`;
